 6466 308 32 789 2343
 195 132 112 32384

 32
 288
 288 32
 9
 10
 515
 515 10
 9 10
 6721 1462
 19531 1462
 6721 2375
 19531 2375
 19531 2375 33
 6721 44 1462 33
 19531 44 1462 33
 1087 3337 240 159 166 153 46 45776
 119 48 52 56 311 6107 44843 32 3605 4099 5190
 99373 97142 9622 99366 99391 99382 15363 21839 99377 99388
 225 158 128 225 158 182 225 158 147 225 159 139 225 158 143 225 159 130 225 158 150 225 158 183 225 158 159 225 159 129 225 158 159 225 158 162 225 158 182 225 158 133 225 158 129 225 158 155 225 158 133 225 159 129 225 158 137
 240 159 154 128 296 4276 45173 240 159 152 182 226 128 141 240 159 140 171 8935 296 14313 3007 19543 115 32 45718 100 45173 826 296 4193 3007 19543 1081 1107 5276 4282 41
 6721
 19531
 288 6721
 288 19531
 516 6721
 516 6721 45059 6721
 296
 10 317
 39 6462
 6721 44 377 39 1499 33 3476 1089 28316 536 319 50637 52576 48477 15644 54263 49 51 49 52 49 53 49 47787 47112
 14022 33
 51
 51 51
 51 51 51
 51 51 51 51
 51 51 51 51 51
 51 51 51 51 51 51
 51 51 51 51 51 51 51
 51 51 51 51 51 51 51 51
 51 51 51 51 51 51 51 51 51
 67 98263 97 6110 98241 116
 24189 115
 10 32 515 32 515 10 32 9 32 512 32 9 45058 45058 32 45059 45059 32 10 240 159 154 128 296 4276 45173 240 159 152 182 226 128 141 240 159 140 171 8935 296 14313 3007 19543 115 32 45718 100 45173 826 32 240 159 166 153 240 159 166 153 307 307 51 307 51 51 307 51 51 51 307 51 51 51 51 307 51 51 51 51 51 307 51 51 51 51 51 51 307 51 51 51 51 51 51 51 307 279 307 46 279 307 696 279 32 225 158 128 225 158 182 225 158 147 225 159 139 225 158 143 225 159 130 225 158 150 225 158 183 225 158 159 225 159 129 225 158 159 225 158 162 225 158 182 225 158 133 536 319 50637 52576 48477 15644 54263 49 51 49 52 49 53 49 47787 47112 675 45 699 45293 97150 97142 9622 99366 99391 99382 15363 21839 99377 99388 295 39 39 39 39 39 45311 45311 96 34 34 34 34 697 697 14022 33 11248 11248 12207 295 40368 5948 1214 44 295 3215 1099 1901 63 295 77 12216 6832 4736 44 295 68 1099 1132 1131 6492 11862 39 21382 353 39 108 76
