 7779 287 4935 46596
 2466 2116 1851

 33
 267
 3340
 10
 11
 261
 3328
 258
 33155 40213
 36786 40213
 33155 37576
 36786 37576
 36786 37576 34
 33155 45 40213 34
 36786 45 40213 34
 32234 4600 33 3319 167 154 47 7282
 120 624 57 290 2220 7819 4495 1819 1933
 28007 28136 32739 5063 61263 43081
 9704 9708 9705 3000 140 2999 144 3000 131 2999 151 2999 184 9707 3000 130 9707 2999 163 9708 2999 134 2999 130 2999 156 2999 134 3000 130 2999 138
 3319 155 129 275 41894 42 33 3319 153 183 9810 3319 141 172 19103 275 54156 38362 116 64299 42 33 10056 275 26476 38362 32227 21800 21902 22251 39974 42
 33155
 36786
 267 33155
 3340 33155
 19250 33155
 19250 33155 28352 33155
 275
 262 62
 40 21626
 33155 45 356 40 6984 34 20063 21286 22799 33 3319 153 130 298 12605 12509 11454 33839 12137 10460 633 634 635 50 11639 19219
 23248 362
 52
 653
 653 52
 653 653
 653 653 52
 653 653 653
 653 653 653 52
 653 653 653 653
 653 653 653 653 52
 68 28299 45034
 51480 116
 3330 3330 3329 259 3322 258 36215 54806 3339 3319 155 129 275 41894 42 33 3319 153 183 9810 3319 141 172 19103 275 54156 38362 116 64299 42 33 10056 33 3319 167 154 3319 167 154 286 3506 3506 52 3506 653 3506 653 52 3506 653 653 3506 653 653 52 3506 653 653 653 286 47 52 286 585 52 286 5362 52 33 9704 9708 9705 3000 140 2999 144 3000 131 2999 151 2999 184 9707 3000 130 9707 2999 163 9708 2999 134 3319 153 130 298 12605 12509 11454 33839 12137 10460 633 634 635 50 11639 19219 43915 48344 32740 28136 32739 5063 61263 43081 19279 5205 6884 6884 97 23252 40269 23248 362 23349 807 308 5231 30259 274 8826 101 4569 460 39934 45 274 1397 22799 32157 64 274 78 22187 32157 308 5229 31358 4601 45 274 69 22799 31296 32074 22575 64 4331 40 1560 332 40 109 77
